******************************************************************************
              TMS320C55x Linker PC v4.4.1                      
******************************************************************************
>> Linked Thu Mar 08 10:22:25 2018

OUTPUT FILE NAME:   <Zadatak1.out>
ENTRY POINT SYMBOL: "_c_int00"  address: 00024271


MEMORY CONFIGURATION

         name            origin    length      used     unused   attr    fill
                        (bytes)   (bytes)    (bytes)   (bytes)
----------------------  --------  ---------  --------  --------  ----  --------
PAGE 0:
  MMR                   00000000   000000c0  00000000  000000c0  RWIX
  DARAM0                000000c0   0000ff40  00007608  00008938  RWIX
  SARAM0                00010000   00010000  00000000  00010000  RWIX
  SARAM1                00020000   00020000  00004393  0001bc6d  RWIX
  SARAM2                00040000   0000fe00  00000d64  0000f09c  RWIX
  VECS                  0004fe00   00000200  00000100  00000100  RWIX
  PDROM                 00ff8000   00008000  00000000  00008000  R IX

PAGE 2:
  IOPORT                00000000   00020000  00000000  00020000  RWI 


SECTION ALLOCATION MAP
(Addresses surrounded by []'s are displayed for convenience only!)

output                                                          attributes/
section   page  orgn(bytes) orgn(words) len(bytes) len(words)   input sections
--------  ----  ----------- ----------- ---------- ----------   --------------
.pinit       0   [ 00040000 ]  00020000          *   00000000   UNINITIALIZED

.stack       0   [ 000000c0 ]  00000060          *   00001000   UNINITIALIZED
                 [ 000000c0 ]  00000060          *   00001000   --HOLE--

.data        0   [ 000000c0 ]  00000060          *   00000000   UNINITIALIZED

.sysstack 
*            0   [ 000020c0 ]  00001060          *   00000800   UNINITIALIZED
                 [ 000020c0 ]  00001060          *   00000800   --HOLE--

.bss         0   [ 000030c0 ]  00001860          *   0000117e   UNINITIALIZED
                 [ 000030c0 ]  00001860          *   00000a00   main.obj (.bss)
                 [ 000044c0 ]  00002260          *   00000500   signal.obj (.bss)
                 [ 00004ec0 ]  00002760          *   00000119   rts55x.lib : defs.obj (.bss)
                 [ 000050f2 ]  00002879          *   000000d0              : trgdrv.obj (.bss)
                 [ 00005292 ]  00002949          *   00000001              : fopen.obj (.bss)
                 [ 00005294 ]  0000294a          *   00000071              : lowlev.obj (.bss)
                 [ 00005376 ]  000029bb          *   00000015   filter_coeff.obj (.bss)
                 [ 000053a0 ]  000029d0          *   00000006   rts55x.lib : memory.obj (.bss)
                 [ 000053ac ]  000029d6          *   00000004              : _lock.obj (.bss)
                 [ 000053b4 ]  000029da          *   00000004              : exit.obj (.bss)

.sysmem      0   [ 000053bc ]  000029de          *   00001000   UNINITIALIZED
                 [ 000053bc ]  000029de          *   00001000   --HOLE--

.const.1     0   [ 000073bc ]  000039de          *   00000101   
                 [ 000073bc ]  000039de          *   00000101   rts55x.lib : ctype.obj (.const:__ctypes_)

.const.2     0   [ 000075c0 ]  00003ae0          *   00000049   
                 [ 000075c0 ]  00003ae0          *   00000049   main.obj (.const:.string)

.const.3     0   [ 00007654 ]  00003b2a          *   0000003c   
                 [ 00007654 ]  00003b2a          *   00000024   rts55x.lib : _printfi.obj (.const:.string)
                 [ 0000769c ]  00003b4e          *   0000000c              : _printfi.obj (.const)
                 [ 000076b4 ]  00003b5a          *   00000008              : divd.obj (.const:_initial_approx$1)
                 [ 000076c4 ]  00003b62          *   00000002              : fputs.obj (.const:.string)
                 [ 000076c8 ]  00003b64          *   00000002              : fltlid.obj (.const)

.text        0     00020000  [ 00010000 ] 00004393          *   
                   00020000  [ 00010000 ] 000015a4          *   rts55x.lib : _printfi.obj (.text)
                   000215a4  [ 00010ad2 ] 00000543          *              : lowlev.obj (.text)
                   00021ae7  [ 00010d73+] 00000528          *              : trgdrv.obj (.text)
                   0002200f  [ 00011007+] 000004b5          *              : memory.obj (.text)
                   000224c4  [ 00011262 ] 000003cc          *              : divd.obj (.text)
                   00022890  [ 00011448 ] 0000027f          *              : fopen.obj (.text)
                   00022b0f  [ 00011587+] 0000025e          *              : llmpy.obj (.text)
                   00022d6d  [ 000116b6+] 0000025a          *              : addd.obj (.text)
                   00022fc7  [ 000117e3+] 000001ea          *              : cmpd.obj (.text)
                   000231b1  [ 000118d8+] 000001c0          *   processing.obj (.text)
                   00023371  [ 000119b8+] 00000163          *   rts55x.lib : fputs.obj (.text)
                   000234d4  [ 00011a6a ] 0000014c          *              : mpyd.obj (.text)
                   00023620  [ 00011b10 ] 00000100          *   fir.obj (.text)
                   00023720  [ 00011b90 ] 000000e6          *   rts55x.lib : setvbuf.obj (.text)
                   00023806  [ 00011c03 ] 000000dd          *              : _io_perm.obj (.text)
                   000238e3  [ 00011c71+] 000000c2          *              : fflush.obj (.text)
                   000239a5  [ 00011cd2+] 000000ba          *              : trgmsg.obj (.text:CIO_breakpoint)
                   00023a5f  [ 00011d2f+] 000000a6          *              : fputc.obj (.text)
                   00023b05  [ 00011d82+] 000000a1          *              : divul.obj (.text)
                   00023ba6  [ 00011dd3 ] 0000007d          *              : ltoa.obj (.text)
                   00023c23  [ 00011e11+] 0000007b          *              : fclose.obj (.text)
                   00023c9e  [ 00011e4f ] 00000076          *   main.obj (.text)
                   00023d14  [ 00011e8a ] 00000076          *   rts55x.lib : frcmpyd.obj (.text)
                   00023d8a  [ 00011ec5 ] 00000073          *              : frcmpyd_div.obj (.text)
                   00023dfd  [ 00011efe+] 00000072          *              : remul.obj (.text)
                   00023e6f  [ 00011f37+] 0000006f          *              : fixdli.obj (.text)
                   00023ede  [ 00011f6f ] 0000006d          *              : trgmsg.obj (.text)
                   00023f4b  [ 00011fa5+] 0000006b          *              : fseek.obj (.text)
                   00023fb6  [ 00011fdb ] 00000067          *              : fltlid.obj (.text)
                   0002401d  [ 0001200e+] 0000005c          *              : atoi.obj (.text)
                   00024079  [ 0001203c+] 00000050          *              : printf.obj (.text)
                   000240c9  [ 00012064+] 0000004d          *              : autoinit.obj (.text)
                   00024116  [ 0001208b ] 0000004b          *              : args_main.obj (.text)
                   00024161  [ 000120b0+] 0000004b          *              : remli.obj (.text)
                   000241ac  [ 000120d6 ] 00000048          *              : divli.obj (.text)
                   000241f4  [ 000120fa ] 0000003f          *              : memcpy.obj (.text)
                   00024233  [ 00012119+] 0000003e          *              : exit.obj (.text)
                   00024271  [ 00012138+] 00000034          *              : boot.obj (.text)
                   000242a5  [ 00012152+] 0000002a          *              : fixdi.obj (.text)
                   000242cf  [ 00012167+] 0000002a          *              : udiv.obj (.text)
                   000242f9  [ 0001217c+] 00000023          *              : memccpy.obj (.text)
                   0002431c  [ 0001218e ] 0000001a          *              : isinf.obj (.text)
                   00024336  [ 0001219b ] 00000014          *              : subd.obj (.text)
                   0002434a  [ 000121a5 ] 00000013          *              : lmpy.obj (.text)
                   0002435d  [ 000121ae+] 00000012          *              : _lock.obj (.text)
                   0002436f  [ 000121b7+] 00000010          *              : negd.obj (.text)
                   0002437f  [ 000121bf+] 0000000a          *              : remove.obj (.text)
                   00024389  [ 000121c4+] 00000007          *              : exit.obj (.text:CIO_breakpoint)
                   00024390  [ 000121c8 ] 00000002          *              : vectors.obj (.text)
                   00024392  [ 000121c9 ] 00000001          *   --HOLE-- [fill = 20]

.cinit       0   [ 00040000 ]  00020000          *   00000592   
                 [ 00040000 ]  00020000          *   00000506   signal.obj (.cinit)
                 [ 00040a0c ]  00020506          *   0000002d   rts55x.lib : lowlev.obj (.cinit)
                 [ 00040a66 ]  00020533          *   0000002a              : defs.obj (.cinit)
                 [ 00040aba ]  0002055d          *   00000018   filter_coeff.obj (.cinit)
                 [ 00040aea ]  00020575          *   0000000a   rts55x.lib : _lock.obj (.cinit)
                 [ 00040afe ]  0002057f          *   0000000a              : exit.obj (.cinit)
                 [ 00040b12 ]  00020589          *   00000004              : fopen.obj (.cinit)
                 [ 00040b1a ]  0002058d          *   00000004              : memory.obj (.cinit)
                 [ 00040b22 ]  00020591          *   00000001   --HOLE-- [fill = 0]

.cio         0   [ 00040b28 ]  00020594          *   00000120   UNINITIALIZED
                 [ 00040b28 ]  00020594          *   00000120   rts55x.lib : trgmsg.obj (.cio)

vectors      0     0004fe00  [ 00027f00 ] 00000100          *   
                   0004fe00  [ 00027f00 ] 00000100          *   rts55x.lib : vectors.obj (vectors)


GLOBAL SYMBOLS: SORTED ALPHABETICALLY BY Name 

abs. value/
byte addr   word addr   name
---------   ---------   ----
00000002                $TI_capability$C5500$CallingConvention
00000002                $TI_capability$C5500$MemoryModel
00000001                $TI_capability_requires_rev3
ffffffff                .bss
ffffffff                .data
ffffffff                .text
0002438a                C$$EXIT
00023a5a                C$$IO$$
0002434a                I$$LMPY
000242cf                I$$UDIV
000242e4                I$$UMOD
00021fb1                _HOSTclock
00021f46                _HOSTclose
00021e91                _HOSTlseek
00021df2                _HOSTopen
00021d65                _HOSTread
00021cb7                _HOSTrename
00021c59                _HOSTtime
00021bef                _HOSTunlink
00021b62                _HOSTwrite
0004fe00                _Reset
            00020594    __CIOBUF_
            00001060    __STACK_END
00002000                __STACK_SIZE
00002000                __SYSMEM_SIZE
00001000                __SYSSTACK_SIZE
00000001                __TI_args_main
ffffffff                ___binit__
ffffffff                ___bss__
ffffffff                ___c_args__
            00020000    ___cinit__
ffffffff                ___data__
ffffffff                ___edata__
ffffffff                ___end__
ffffffff                ___etext__
0002431c                ___isinf
ffffffff                ___pinit__
ffffffff                ___text__
00022d6d                __addd
00024116                __args_main
000229b1                __cleanup
            000029da    __cleanup_ptr
00023159                __cmpd
            000039de    __ctypes_
000224c4                __divd
000241ac                __divli
00022d38                __divlli
000242cf                __divu
00023b05                __divul
00022c44                __divull
000238e3                __doflush
            000029dc    __dtors_ptr
00023125                __eqld
000242a5                __fixdi
00023e6f                __fixdli
00023fb6                __fltlid
00023d14                __frcmpyd
00023d8a                __frcmpyd_div
            00002878    __ft_end
            00002760    __ftable
000230db                __geqd
00023090                __gtrd
00023043                __leqd
            000029d6    __lock
00022ffb                __lssd
000234d4                __mpyd
0002434a                __mpyli
00022b8c                __mpylli
0002436f                __negd
00022fc7                __neqd
0002436d                __nop
00021362                __printfi
00023886                __rd_ok
00024365                __register_lock
0002435d                __register_unlock
00024161                __remli
00022b5d                __remlli
000242e4                __remu
00023dfd                __remul
00022b0f                __remull
            00000060    __stack
00024336                __subd
            000029de    __sys_memory
            00001060    __sysstack
            000027d8    __tmpnams
            000029d8    __unlock
00023806                __wrt_ok
00024389                _abort
000219f7                _add_device
0002401d                _atoi
000240c9                _auto_init
00024271                _c_int00
0002249e                _calloc
00022496                _chkheap
00021984                _close
000231f6                _decimate
000231b1                _downsample
00024233                _exit
00023c23                _fclose
0002394c                _fflush
0002197b                _find_registered_device
00023620                _fir_basic
0002369d                _fir_circular
00022ad4                _fopen
00023a5f                _fputc
00023371                _fputs
0002200f                _free
00022440                _free_memory
00022a0b                _freopen
00023f4b                _fseek
00021ae7                _getenv
000232db                _interpolate
            000029bb    _lp_filter
00021915                _lseek
00023ba6                _ltoa
00023c9e                _main
00022140                _malloc
000223e6                _max_free
000242f9                _memccpy
000241f4                _memcpy
000220db                _minit
00021856                _open
            00001860    _out
            00001960    _out1
            00001a60    _out2
            00001e60    _out3
00024079                _printf
00023a5f                _putc
00023af6                _putchar
000234a6                _puts
000217a8                _read
00023ede                _readmsg
00022235                _realloc
0002437f                _remove
00021772                _remove_device
00021719                _rename
0002335f                _resample
00023720                _setvbuf
            00002260    _signal1
            00002660    _signal2
000216e6                _unlink
00023273                _upsample
000215a4                _write
000239a5                _writemsg
ffffffff                binit
            00020000    cinit
ffffffff                edata
ffffffff                end
ffffffff                etext
ffffffff                pinit


GLOBAL SYMBOLS: SORTED BY Symbol Address 

abs. value/
byte addr   word addr   name
---------   ---------   ----
00000001                $TI_capability_requires_rev3
00000001                __TI_args_main
00000002                $TI_capability$C5500$CallingConvention
00000002                $TI_capability$C5500$MemoryModel
            00000060    __stack
00001000                __SYSSTACK_SIZE
00002000                __STACK_SIZE
00002000                __SYSMEM_SIZE
            00001060    __STACK_END
            00001060    __sysstack
            00001860    _out
            00001960    _out1
            00001a60    _out2
            00001e60    _out3
            00002260    _signal1
            00002660    _signal2
            00002760    __ftable
            000027d8    __tmpnams
            00002878    __ft_end
            000029bb    _lp_filter
            000029d6    __lock
            000029d8    __unlock
            000029da    __cleanup_ptr
            000029dc    __dtors_ptr
            000029de    __sys_memory
            000039de    __ctypes_
00021362                __printfi
000215a4                _write
000216e6                _unlink
00021719                _rename
00021772                _remove_device
000217a8                _read
00021856                _open
00021915                _lseek
0002197b                _find_registered_device
00021984                _close
000219f7                _add_device
00021ae7                _getenv
00021b62                _HOSTwrite
00021bef                _HOSTunlink
00021c59                _HOSTtime
00021cb7                _HOSTrename
00021d65                _HOSTread
00021df2                _HOSTopen
00021e91                _HOSTlseek
00021f46                _HOSTclose
00021fb1                _HOSTclock
0002200f                _free
000220db                _minit
00022140                _malloc
00022235                _realloc
000223e6                _max_free
00022440                _free_memory
00022496                _chkheap
0002249e                _calloc
000224c4                __divd
000229b1                __cleanup
00022a0b                _freopen
00022ad4                _fopen
00022b0f                __remull
00022b5d                __remlli
00022b8c                __mpylli
00022c44                __divull
00022d38                __divlli
00022d6d                __addd
00022fc7                __neqd
00022ffb                __lssd
00023043                __leqd
00023090                __gtrd
000230db                __geqd
00023125                __eqld
00023159                __cmpd
000231b1                _downsample
000231f6                _decimate
00023273                _upsample
000232db                _interpolate
0002335f                _resample
00023371                _fputs
000234a6                _puts
000234d4                __mpyd
00023620                _fir_basic
0002369d                _fir_circular
00023720                _setvbuf
00023806                __wrt_ok
00023886                __rd_ok
000238e3                __doflush
0002394c                _fflush
000239a5                _writemsg
00023a5a                C$$IO$$
00023a5f                _fputc
00023a5f                _putc
00023af6                _putchar
00023b05                __divul
00023ba6                _ltoa
00023c23                _fclose
00023c9e                _main
00023d14                __frcmpyd
00023d8a                __frcmpyd_div
00023dfd                __remul
00023e6f                __fixdli
00023ede                _readmsg
00023f4b                _fseek
00023fb6                __fltlid
0002401d                _atoi
00024079                _printf
000240c9                _auto_init
00024116                __args_main
00024161                __remli
000241ac                __divli
000241f4                _memcpy
00024233                _exit
00024271                _c_int00
000242a5                __fixdi
000242cf                I$$UDIV
000242cf                __divu
000242e4                I$$UMOD
000242e4                __remu
000242f9                _memccpy
0002431c                ___isinf
00024336                __subd
0002434a                I$$LMPY
0002434a                __mpyli
0002435d                __register_unlock
00024365                __register_lock
0002436d                __nop
0002436f                __negd
0002437f                _remove
00024389                _abort
0002438a                C$$EXIT
            00020000    ___cinit__
            00020000    cinit
            00020594    __CIOBUF_
0004fe00                _Reset
ffffffff                .bss
ffffffff                .data
ffffffff                .text
ffffffff                ___binit__
ffffffff                ___bss__
ffffffff                ___c_args__
ffffffff                ___data__
ffffffff                ___edata__
ffffffff                ___end__
ffffffff                ___etext__
ffffffff                ___pinit__
ffffffff                ___text__
ffffffff                binit
ffffffff                edata
ffffffff                end
ffffffff                etext
ffffffff                pinit

[150 symbols]
