******************************************************************************
              TMS320C55x Linker PC v4.4.1                      
******************************************************************************
>> Linked Thu Mar 15 10:30:18 2018

OUTPUT FILE NAME:   <FilterBank.out>
ENTRY POINT SYMBOL: "_c_int00"  address: 0002790f


MEMORY CONFIGURATION

         name            origin    length      used     unused   attr    fill
                        (bytes)   (bytes)    (bytes)   (bytes)
----------------------  --------  ---------  --------  --------  ----  --------
PAGE 0:
  MMR                   00000000   000000c0  00000000  000000c0  RWIX
  DARAM0                000000c0   0000ff40  00006b98  000093a8  RWIX
  SARAM0                00010000   00010000  00000000  00010000  RWIX
  SARAM1                00020000   00020000  00007a31  000185cf  RWIX
  SARAM2                00040000   0000fe00  000003a8  0000fa58  RWIX
  VECS                  0004fe00   00000200  00000200  00000000  RWIX
  PDROM                 00ff8000   00008000  00000000  00008000  R IX

PAGE 2:
  IOPORT                00000000   00020000  00000000  00020000  RWI 


SECTION ALLOCATION MAP
(Addresses surrounded by []'s are displayed for convenience only!)

output                                                          attributes/
section   page  orgn(bytes) orgn(words) len(bytes) len(words)   input sections
--------  ----  ----------- ----------- ---------- ----------   --------------
.pinit       0   [ 00040000 ]  00020000          *   00000000   UNINITIALIZED

.stack       0   [ 000000c0 ]  00000060          *   00001000   UNINITIALIZED
                 [ 000000c0 ]  00000060          *   00001000   --HOLE--

.data        0   [ 000000c0 ]  00000060          *   00000000   UNINITIALIZED

.sysstack 
*            0   [ 000020c0 ]  00001060          *   00000800   UNINITIALIZED
                 [ 000020c0 ]  00001060          *   00000800   --HOLE--

.sysmem      0   [ 000030c0 ]  00001860          *   00001000   UNINITIALIZED
                 [ 000030c0 ]  00001860          *   00001000   --HOLE--

.bss.1       0   [ 000050c0 ]  00002860          *   00000add   UNINITIALIZED
                 [ 000050c0 ]  00002860          *   00000408   ezdsp5535_aic3204_dma.obj (.bss)
                 [ 000058d0 ]  00002c68          *   000003a6   main.obj (.bss)
                 [ 0000601c ]  0000300e          *   00000119   rts55x.lib : defs.obj (.bss)
                 [ 0000624e ]  00003127          *   000000d0              : trgdrv.obj (.bss)
                 [ 000063ee ]  000031f7          *   00000001              : fopen.obj (.bss)
                 [ 000063f0 ]  000031f8          *   00000084   cslVC5505.lib : csl_intc.obj (.bss)
                 [ 000064f8 ]  0000327c          *   00000071   rts55x.lib : lowlev.obj (.bss)
                 [ 000065da ]  000032ed          *   0000002a   cslVC5505.lib : csl_i2s.obj (.bss)
                 [ 0000662e ]  00003317          *   00000026   filter_coeff.obj (.bss)

.bss.2       0   [ 0000667c ]  0000333e          *   0000002c   UNINITIALIZED
                 [ 0000667c ]  0000333e          *   00000012   cslVC5505.lib : csl_i2c.obj (.bss)
                 [ 000066a0 ]  00003350          *   00000008   ezdsp5535bsl.lib : ezdsp5535_sar.obj (.bss)
                 [ 000066b0 ]  00003358          *   00000006   rts55x.lib : memory.obj (.bss)
                 [ 000066bc ]  0000335e          *   00000004              : _lock.obj (.bss)
                 [ 000066c4 ]  00003362          *   00000004              : exit.obj (.bss)
                 [ 000066cc ]  00003366          *   00000002   aic3204.obj (.bss)
                 [ 000066d0 ]  00003368          *   00000002   ezdsp5535bsl.lib : ezdsp5535_i2s.obj (.bss)

.const.1     0   [ 000066d4 ]  0000336a          *   00000275   
                 [ 000066d4 ]  0000336a          *   00000174   aic3204_init.obj (.const:.string)
                 [ 000069bc ]  000034de          *   00000101   rts55x.lib : ctype.obj (.const:__ctypes_)

.const.2     0   [ 00006bc0 ]  000035e0          *   0000004e   
                 [ 00006bc0 ]  000035e0          *   00000024   rts55x.lib : _printfi.obj (.const:.string)
                 [ 00006c08 ]  00003604          *   00000012   main.obj (.const:.string)
                 [ 00006c2c ]  00003616          *   0000000c   rts55x.lib : _printfi.obj (.const)
                 [ 00006c44 ]  00003622          *   00000008              : divd.obj (.const:_initial_approx$1)
                 [ 00006c54 ]  0000362a          *   00000002              : fputs.obj (.const:.string)
                 [ 00006c58 ]  0000362c          *   00000002              : fltlid.obj (.const)

.text        0     00020000  [ 00010000 ] 00007a31          *   
                   00020000  [ 00010000 ] 000015a4          *   rts55x.lib : _printfi.obj (.text)
                   000215a4  [ 00010ad2 ] 00000c3c          *   cslVC5505.lib : csl_i2c.obj (.text)
                   000221e0  [ 000110f0 ] 00000b18          *                 : csl_sar.obj (.text)
                   00022cf8  [ 0001167c ] 000009f3          *                 : csl_i2s.obj (.text)
                   000236eb  [ 00011b75+] 000005b5          *   aic3204_init.obj (.text)
                   00023ca0  [ 00011e50 ] 00000554          *   cslVC5505.lib : csl_intc.obj (.text)
                   000241f4  [ 000120fa ] 00000543          *   rts55x.lib : lowlev.obj (.text)
                   00024737  [ 0001239b+] 00000528          *              : trgdrv.obj (.text)
                   00024c5f  [ 0001262f+] 000004b5          *              : memory.obj (.text)
                   00025114  [ 0001288a ] 000003cc          *              : divd.obj (.text)
                   000254e0  [ 00012a70 ] 0000031b          *   ezdsp5535_aic3204_dma.obj (.text)
                   000257fb  [ 00012bfd+] 0000027f          *   rts55x.lib : fopen.obj (.text)
                   00025a7a  [ 00012d3d ] 0000025e          *              : llmpy.obj (.text)
                   00025cd8  [ 00012e6c ] 0000025a          *              : addd.obj (.text)
                   00025f32  [ 00012f99 ] 000001ea          *              : cmpd.obj (.text)
                   0002611c  [ 0001308e ] 000001c0          *   process.obj (.text)
                   000262dc  [ 0001316e ] 000001be          *   main.obj (.text)
                   0002649a  [ 0001324d ] 0000017a          *   ezdsp5535bsl.lib : ezdsp5535_sar.obj (.text)
                   00026614  [ 0001330a ] 00000163          *   rts55x.lib : fputs.obj (.text)
                   00026777  [ 000133bb+] 0000014c          *              : mpyd.obj (.text)
                   000268c3  [ 00013461+] 00000107          *   ezdsp5535bsl.lib : ezdsp5535_i2s.obj (.text)
                   000269ca  [ 000134e5 ] 00000100          *   fir.obj (.text)
                   00026aca  [ 00013565 ] 000000e6          *   rts55x.lib : setvbuf.obj (.text)
                   00026bb0  [ 000135d8 ] 000000dd          *              : _io_perm.obj (.text)
                   00026c8d  [ 00013646+] 000000cc          *   ezdsp5535_aic3204_dma.obj (.text:retain)
                   00026d59  [ 000136ac+] 000000c3          *   aic3204.obj (.text)
                   00026e1c  [ 0001370e ] 000000c2          *   rts55x.lib : fflush.obj (.text)
                   00026ede  [ 0001376f ] 000000ba          *              : trgmsg.obj (.text:CIO_breakpoint)
                   00026f98  [ 000137cc ] 000000a6          *              : fputc.obj (.text)
                   0002703e  [ 0001381f ] 000000a1          *              : divul.obj (.text)
                   000270df  [ 0001386f+] 0000008e          *   ezdsp5535bsl.lib : ezdsp5535_i2c.obj (.text)
                   0002716d  [ 000138b6+] 0000008c          *   cslVC5505.lib : csl_irqplug.obj (.text)
                   000271f9  [ 000138fc+] 0000007d          *   rts55x.lib : ltoa.obj (.text)
                   00027276  [ 0001393b ] 0000007b          *              : fclose.obj (.text)
                   000272f1  [ 00013978+] 00000076          *              : frcmpyd.obj (.text)
                   00027367  [ 000139b3+] 00000073          *              : frcmpyd_div.obj (.text)
                   000273da  [ 000139ed ] 00000072          *              : remul.obj (.text)
                   0002744c  [ 00013a26 ] 0000006f          *              : fixdli.obj (.text)
                   000274bb  [ 00013a5d+] 0000006d          *   cslVC5505.lib : vectors.obj (.text)
                   00027528  [ 00013a94 ] 0000006d          *   rts55x.lib : trgmsg.obj (.text)
                   00027595  [ 00013aca+] 0000006b          *              : fseek.obj (.text)
                   00027600  [ 00013b00 ] 00000067          *              : fltlid.obj (.text)
                   00027667  [ 00013b33+] 0000005c          *              : atoi.obj (.text)
                   000276c3  [ 00013b61+] 00000054          *   ezdsp5535bsl.lib : ezdsp5535.obj (.text)
                   00027717  [ 00013b8b+] 00000050          *   rts55x.lib : printf.obj (.text)
                   00027767  [ 00013bb3+] 0000004d          *              : autoinit.obj (.text)
                   000277b4  [ 00013bda ] 0000004b          *              : args_main.obj (.text)
                   000277ff  [ 00013bff+] 0000004b          *              : remli.obj (.text)
                   0002784a  [ 00013c25 ] 00000048          *              : divli.obj (.text)
                   00027892  [ 00013c49 ] 0000003f          *              : memcpy.obj (.text)
                   000278d1  [ 00013c68+] 0000003e          *              : exit.obj (.text)
                   0002790f  [ 00013c87+] 00000034          *              : boot.obj (.text)
                   00027943  [ 00013ca1+] 0000002a          *              : fixdi.obj (.text)
                   0002796d  [ 00013cb6+] 0000002a          *              : udiv.obj (.text)
                   00027997  [ 00013ccb+] 00000023          *              : memccpy.obj (.text)
                   000279ba  [ 00013cdd ] 0000001a          *              : isinf.obj (.text)
                   000279d4  [ 00013cea ] 00000014          *              : subd.obj (.text)
                   000279e8  [ 00013cf4 ] 00000013          *              : lmpy.obj (.text)
                   000279fb  [ 00013cfd+] 00000012          *              : _lock.obj (.text)
                   00027a0d  [ 00013d06+] 00000010          *              : negd.obj (.text)
                   00027a1d  [ 00013d0e+] 0000000a          *              : remove.obj (.text)
                   00027a27  [ 00013d13+] 00000007          *              : exit.obj (.text:CIO_breakpoint)
                   00027a2e  [ 00013d17 ] 00000002          *              : vectors.obj (.text)
                   00027a30  [ 00013d18 ] 00000001          *   --HOLE-- [fill = 20]

.cio         0   [ 00040000 ]  00020000          *   00000120   UNINITIALIZED
                 [ 00040000 ]  00020000          *   00000120   rts55x.lib : trgmsg.obj (.cio)

.cinit       0   [ 00040240 ]  00020120          *   000000b4   
                 [ 00040240 ]  00020120          *   0000002d   rts55x.lib : lowlev.obj (.cinit)
                 [ 0004029a ]  0002014d          *   0000002c   filter_coeff.obj (.cinit)
                 [ 000402f2 ]  00020179          *   0000002a   rts55x.lib : defs.obj (.cinit)
                 [ 00040346 ]  000201a3          *   0000000c   ezdsp5535bsl.lib : ezdsp5535_sar.obj (.cinit)
                 [ 0004035e ]  000201af          *   0000000a   rts55x.lib : _lock.obj (.cinit)
                 [ 00040372 ]  000201b9          *   0000000a              : exit.obj (.cinit)
                 [ 00040386 ]  000201c3          *   00000008   cslVC5505.lib : csl_i2s.obj (.cinit)
                 [ 00040396 ]  000201cb          *   00000004   rts55x.lib : fopen.obj (.cinit)
                 [ 0004039e ]  000201cf          *   00000004              : memory.obj (.cinit)
                 [ 000403a6 ]  000201d3          *   00000001   --HOLE-- [fill = 0]

vectors      0     0004fe00  [ 00027f00 ] 00000200          *   
                   0004fe00  [ 00027f00 ] 00000100          *   cslVC5505.lib : vectors.obj (vectors)
                   0004ff00  [ 00027f80 ] 00000100          *   rts55x.lib : vectors.obj (vectors)


GLOBAL SYMBOLS: SORTED ALPHABETICALLY BY Name 

abs. value/
byte addr   word addr   name
---------   ---------   ----
00000002                $TI_capability$C5500$CallingConvention
00000002                $TI_capability$C5500$MemoryModel
00000001                $TI_capability_requires_rev3
ffffffff                .bss
ffffffff                .data
ffffffff                .text
00027a28                C$$EXIT
00026f93                C$$IO$$
000279e8                I$$LMPY
0002796d                I$$UDIV
00027982                I$$UMOD
0004fe00                RST
00026d59                _AIC3204_rget
00026da4                _AIC3204_rset
            00002868    _DMA_InputL
            00002968    _DMA_InputR
            00002a68    _DMA_OutputL
            00002b68    _DMA_OutputR
000270df                _EZDSP5535_I2C_init
00027145                _EZDSP5535_I2C_read
00027114                _EZDSP5535_I2C_reset
0002711f                _EZDSP5535_I2C_write
000269b8                _EZDSP5535_I2S_close
000268c3                _EZDSP5535_I2S_init
0002691c                _EZDSP5535_I2S_readLeft
0002697b                _EZDSP5535_I2S_readRight
0002694e                _EZDSP5535_I2S_writeLeft
0002699c                _EZDSP5535_I2S_writeRight
00026560                _EZDSP5535_SAR_getKey
0002649a                _EZDSP5535_SAR_init
00027709                _EZDSP5535_init
000276c3                _EZDSP5535_wait
000276f7                _EZDSP5535_waitusec
            00003317    _H0
            0000332a    _H1
00024c01                _HOSTclock
00024b96                _HOSTclose
00024ae1                _HOSTlseek
00024a42                _HOSTopen
000249b5                _HOSTread
00024907                _HOSTrename
000248a9                _HOSTtime
0002483f                _HOSTunlink
000247b2                _HOSTwrite
0002164d                _I2C_config
00022018                _I2C_eventDisable
00021ee4                _I2C_eventEnable
000217b2                _I2C_getConfig
000221c4                _I2C_getEventId
000215a4                _I2C_init
00021cc6                _I2C_read
00022137                _I2C_setCallback
00021888                _I2C_setup
00021a82                _I2C_write
0002312d                _I2S_close
00022cf8                _I2S_open
000231df                _I2S_read
000235ef                _I2S_reset
00022e3f                _I2S_setup
000236a0                _I2S_transEnable
00023499                _I2S_write
00023d3a                _IRQ_clear
00023da4                _IRQ_clearAll
00023db4                _IRQ_config
00023eda                _IRQ_disable
00023f58                _IRQ_disableAll
00023f66                _IRQ_enable
00024060                _IRQ_getArg
00023e47                _IRQ_getConfig
000241ae                _IRQ_globalDisable
000241c7                _IRQ_globalEnable
000241e0                _IRQ_globalRestore
00023ca0                _IRQ_init
000240d9                _IRQ_map
0002716d                _IRQ_plug
00023ff0                _IRQ_restore
000240a6                _IRQ_setArg
0002410b                _IRQ_setVecs
0002413c                _IRQ_test
            00002c68    _InputBufferL
            00002d68    _InputBufferMono
            00002ce8    _InputBufferR
            00002e68    _OutBuff1
            00002ee8    _OutBuff2
            00002f68    _OutBuff3
            00002de8    _OutputBufferMono
0004ff00                _Reset
00022763                _SAR_A2DMeasParamSet
00022bdd                _SAR_GPODirSet
000222da                _SAR_chanClose
0002235e                _SAR_chanConfig
0002265a                _SAR_chanCycSet
0002225d                _SAR_chanInit
00022278                _SAR_chanOpen
00022446                _SAR_chanSetup
0002223d                _SAR_deInit
000223d4                _SAR_getConfig
00022cb9                _SAR_getStatus
000221e0                _SAR_init
00022722                _SAR_readData
000226a9                _SAR_startConversion
000226db                _SAR_stopConversion
            00003354    _SarHandle
            00003350    _SarObj
0004fe00                _VECSTART
            00020000    __CIOBUF_
00023c47                __I2S_init
            00001060    __STACK_END
00002000                __STACK_SIZE
00002000                __SYSMEM_SIZE
00001000                __SYSSTACK_SIZE
00000001                __TI_args_main
ffffffff                ___binit__
ffffffff                ___bss__
ffffffff                ___c_args__
            00020120    ___cinit__
ffffffff                ___data__
ffffffff                ___edata__
ffffffff                ___end__
ffffffff                ___etext__
000279ba                ___isinf
ffffffff                ___pinit__
ffffffff                ___text__
00025cd8                __addd
000277b4                __args_main
0002591c                __cleanup
            00003362    __cleanup_ptr
000260c4                __cmpd
            000034de    __ctypes_
00025114                __divd
0002784a                __divli
00025ca3                __divlli
0002796d                __divu
0002703e                __divul
00025baf                __divull
00026e1c                __doflush
            00003364    __dtors_ptr
00026090                __eqld
00027943                __fixdi
0002744c                __fixdli
00027600                __fltlid
000272f1                __frcmpyd
00027367                __frcmpyd_div
            00003126    __ft_end
            0000300e    __ftable
00026046                __geqd
00025ffb                __gtrd
00025fae                __leqd
            0000335e    __lock
00025f66                __lssd
00026777                __mpyd
000279e8                __mpyli
00025af7                __mpylli
00027a0d                __negd
00025f32                __neqd
00027a0b                __nop
00021362                __printfi
00026c30                __rd_ok
00027a03                __register_lock
000279fb                __register_unlock
000277ff                __remli
00025ac8                __remlli
00027982                __remu
000273da                __remul
00025a7a                __remull
            00000060    __stack
000279d4                __subd
            00001860    __sys_memory
            00001060    __sysstack
            00003086    __tmpnams
            00003360    __unlock
00026bb0                __wrt_ok
00027a27                _abort
00024647                _add_device
00026df1                _aic3204_codec_read
00026e08                _aic3204_codec_write
00026de0                _aic3204_disable
000254e0                _aic3204_dma_init
00026dce                _aic3204_hardware_init
000236eb                _aic3204_init
0002566b                _aic3204_read_block
00025720                _aic3204_write_block
0002631f                _analysis
00027667                _atoi
00027767                _auto_init
0002790f                _c_int00
000250ee                _calloc
000250e6                _chkheap
000245d4                _close
            00003366    _counter1
            00003367    _counter2
00026161                _decimate
0002611c                _downsample
000278d1                _exit
00027276                _fclose
00026e85                _fflush
000245cb                _find_registered_device
000269ca                _fir_basic
00026a47                _fir_circular
00025a3f                _fopen
00026f98                _fputc
00026614                _fputs
00024c5f                _free
00025090                _free_memory
00025976                _freopen
            00003315    _fsError
00027595                _fseek
            0000333e    _gI2cObj
00024737                _getenv
            00003368    _hI2s
            00002fe8    _history1
            00002ffb    _history2
            0000334e    _i2cHandle
00026246                _interpolate
            00003356    _keyCnt1
            00003357    _keyCnt2
00024565                _lseek
000271f9                _ltoa
000263d4                _main
00024d90                _malloc
00025036                _max_free
00027997                _memccpy
00027892                _memcpy
00024d2b                _minit
000244a6                _open
            00003316    _ouError
            00003353    _preKey
00027717                _printf
00026f98                _putc
0002702f                _putchar
00026749                _puts
000243f8                _read
00027528                _readmsg
00024e85                _realloc
00027a1d                _remove
000243c2                _remove_device
00024369                _rename
000262ca                _resample
000238dc                _set_sampling_frequency_and_gain
00026aca                _setvbuf
000262dc                _stereoToMono
00024336                _unlink
000261de                _upsample
000241f4                _write
00026ede                _writemsg
ffffffff                binit
            00020120    cinit
ffffffff                edata
ffffffff                end
ffffffff                etext
ffffffff                pinit


GLOBAL SYMBOLS: SORTED BY Symbol Address 

abs. value/
byte addr   word addr   name
---------   ---------   ----
00000001                $TI_capability_requires_rev3
00000001                __TI_args_main
00000002                $TI_capability$C5500$CallingConvention
00000002                $TI_capability$C5500$MemoryModel
            00000060    __stack
00001000                __SYSSTACK_SIZE
00002000                __STACK_SIZE
00002000                __SYSMEM_SIZE
            00001060    __STACK_END
            00001060    __sysstack
            00001860    __sys_memory
            00002868    _DMA_InputL
            00002968    _DMA_InputR
            00002a68    _DMA_OutputL
            00002b68    _DMA_OutputR
            00002c68    _InputBufferL
            00002ce8    _InputBufferR
            00002d68    _InputBufferMono
            00002de8    _OutputBufferMono
            00002e68    _OutBuff1
            00002ee8    _OutBuff2
            00002f68    _OutBuff3
            00002fe8    _history1
            00002ffb    _history2
            0000300e    __ftable
            00003086    __tmpnams
            00003126    __ft_end
            00003315    _fsError
            00003316    _ouError
            00003317    _H0
            0000332a    _H1
            0000333e    _gI2cObj
            0000334e    _i2cHandle
            00003350    _SarObj
            00003353    _preKey
            00003354    _SarHandle
            00003356    _keyCnt1
            00003357    _keyCnt2
            0000335e    __lock
            00003360    __unlock
            00003362    __cleanup_ptr
            00003364    __dtors_ptr
            00003366    _counter1
            00003367    _counter2
            00003368    _hI2s
            000034de    __ctypes_
00021362                __printfi
000215a4                _I2C_init
0002164d                _I2C_config
000217b2                _I2C_getConfig
00021888                _I2C_setup
00021a82                _I2C_write
00021cc6                _I2C_read
00021ee4                _I2C_eventEnable
00022018                _I2C_eventDisable
00022137                _I2C_setCallback
000221c4                _I2C_getEventId
000221e0                _SAR_init
0002223d                _SAR_deInit
0002225d                _SAR_chanInit
00022278                _SAR_chanOpen
000222da                _SAR_chanClose
0002235e                _SAR_chanConfig
000223d4                _SAR_getConfig
00022446                _SAR_chanSetup
0002265a                _SAR_chanCycSet
000226a9                _SAR_startConversion
000226db                _SAR_stopConversion
00022722                _SAR_readData
00022763                _SAR_A2DMeasParamSet
00022bdd                _SAR_GPODirSet
00022cb9                _SAR_getStatus
00022cf8                _I2S_open
00022e3f                _I2S_setup
0002312d                _I2S_close
000231df                _I2S_read
00023499                _I2S_write
000235ef                _I2S_reset
000236a0                _I2S_transEnable
000236eb                _aic3204_init
000238dc                _set_sampling_frequency_and_gain
00023c47                __I2S_init
00023ca0                _IRQ_init
00023d3a                _IRQ_clear
00023da4                _IRQ_clearAll
00023db4                _IRQ_config
00023e47                _IRQ_getConfig
00023eda                _IRQ_disable
00023f58                _IRQ_disableAll
00023f66                _IRQ_enable
00023ff0                _IRQ_restore
00024060                _IRQ_getArg
000240a6                _IRQ_setArg
000240d9                _IRQ_map
0002410b                _IRQ_setVecs
0002413c                _IRQ_test
000241ae                _IRQ_globalDisable
000241c7                _IRQ_globalEnable
000241e0                _IRQ_globalRestore
000241f4                _write
00024336                _unlink
00024369                _rename
000243c2                _remove_device
000243f8                _read
000244a6                _open
00024565                _lseek
000245cb                _find_registered_device
000245d4                _close
00024647                _add_device
00024737                _getenv
000247b2                _HOSTwrite
0002483f                _HOSTunlink
000248a9                _HOSTtime
00024907                _HOSTrename
000249b5                _HOSTread
00024a42                _HOSTopen
00024ae1                _HOSTlseek
00024b96                _HOSTclose
00024c01                _HOSTclock
00024c5f                _free
00024d2b                _minit
00024d90                _malloc
00024e85                _realloc
00025036                _max_free
00025090                _free_memory
000250e6                _chkheap
000250ee                _calloc
00025114                __divd
000254e0                _aic3204_dma_init
0002566b                _aic3204_read_block
00025720                _aic3204_write_block
0002591c                __cleanup
00025976                _freopen
00025a3f                _fopen
00025a7a                __remull
00025ac8                __remlli
00025af7                __mpylli
00025baf                __divull
00025ca3                __divlli
00025cd8                __addd
00025f32                __neqd
00025f66                __lssd
00025fae                __leqd
00025ffb                __gtrd
00026046                __geqd
00026090                __eqld
000260c4                __cmpd
0002611c                _downsample
00026161                _decimate
000261de                _upsample
00026246                _interpolate
000262ca                _resample
000262dc                _stereoToMono
0002631f                _analysis
000263d4                _main
0002649a                _EZDSP5535_SAR_init
00026560                _EZDSP5535_SAR_getKey
00026614                _fputs
00026749                _puts
00026777                __mpyd
000268c3                _EZDSP5535_I2S_init
0002691c                _EZDSP5535_I2S_readLeft
0002694e                _EZDSP5535_I2S_writeLeft
0002697b                _EZDSP5535_I2S_readRight
0002699c                _EZDSP5535_I2S_writeRight
000269b8                _EZDSP5535_I2S_close
000269ca                _fir_basic
00026a47                _fir_circular
00026aca                _setvbuf
00026bb0                __wrt_ok
00026c30                __rd_ok
00026d59                _AIC3204_rget
00026da4                _AIC3204_rset
00026dce                _aic3204_hardware_init
00026de0                _aic3204_disable
00026df1                _aic3204_codec_read
00026e08                _aic3204_codec_write
00026e1c                __doflush
00026e85                _fflush
00026ede                _writemsg
00026f93                C$$IO$$
00026f98                _fputc
00026f98                _putc
0002702f                _putchar
0002703e                __divul
000270df                _EZDSP5535_I2C_init
00027114                _EZDSP5535_I2C_reset
0002711f                _EZDSP5535_I2C_write
00027145                _EZDSP5535_I2C_read
0002716d                _IRQ_plug
000271f9                _ltoa
00027276                _fclose
000272f1                __frcmpyd
00027367                __frcmpyd_div
000273da                __remul
0002744c                __fixdli
00027528                _readmsg
00027595                _fseek
00027600                __fltlid
00027667                _atoi
000276c3                _EZDSP5535_wait
000276f7                _EZDSP5535_waitusec
00027709                _EZDSP5535_init
00027717                _printf
00027767                _auto_init
000277b4                __args_main
000277ff                __remli
0002784a                __divli
00027892                _memcpy
000278d1                _exit
0002790f                _c_int00
00027943                __fixdi
0002796d                I$$UDIV
0002796d                __divu
00027982                I$$UMOD
00027982                __remu
00027997                _memccpy
000279ba                ___isinf
000279d4                __subd
000279e8                I$$LMPY
000279e8                __mpyli
000279fb                __register_unlock
00027a03                __register_lock
00027a0b                __nop
00027a0d                __negd
00027a1d                _remove
00027a27                _abort
00027a28                C$$EXIT
            00020000    __CIOBUF_
            00020120    ___cinit__
            00020120    cinit
0004fe00                RST
0004fe00                _VECSTART
0004ff00                _Reset
ffffffff                .bss
ffffffff                .data
ffffffff                .text
ffffffff                ___binit__
ffffffff                ___bss__
ffffffff                ___c_args__
ffffffff                ___data__
ffffffff                ___edata__
ffffffff                ___end__
ffffffff                ___etext__
ffffffff                ___pinit__
ffffffff                ___text__
ffffffff                binit
ffffffff                edata
ffffffff                end
ffffffff                etext
ffffffff                pinit

[251 symbols]
